15:28:37 **** Incremental Build of configuration Debug for project poxui ****
make -j8 all 
arm-none-eabi-gcc "../Core/Src/main.c" -mcpu=cortex-m4 -std=gnu11 -g3 -DDEBUG -DUSE_HAL_DRIVER -DSTM32F407xx -c -I../Core/Inc -I../Drivers/STM32F4xx_HAL_Driver/Inc -I../Drivers/STM32F4xx_HAL_Driver/Inc/Legacy -I../Drivers/CMSIS/Device/ST/STM32F4xx/Include -I../Drivers/CMSIS/Include -O0 -ffunction-sections -fdata-sections -Wall -fstack-usage -fcyclomatic-complexity -MMD -MP -MF"Core/Src/main.d" -MT"Core/Src/main.o" --specs=nano.specs -mfpu=fpv4-sp-d16 -mfloat-abi=hard -mthumb -o "Core/Src/main.o"
arm-none-eabi-gcc -o "poxui.elf" @"objects.list"   -mcpu=cortex-m4 -T"D:\git\embedded-systems-2\poxui\STM32F407VGTX_FLASH.ld" --specs=nosys.specs -Wl,-Map="poxui.map" -Wl,--gc-sections -static --specs=nano.specs -mfpu=fpv4-sp-d16 -mfloat-abi=hard -mthumb -Wl,--start-group -lc -lm -Wl,--end-group
Finished building target: poxui.elf
 
arm-none-eabi-size  poxui.elf 
arm-none-eabi-objdump -h -S poxui.elf  > "poxui.list"
   text	   data	    bss	    dec	    hex	filename
   5888	     12	   1572	   7472	   1d30	poxui.elf
Finished building: default.size.stdout
 
Finished building: poxui.list
 

15:28:39 Build Finished. 0 errors, 0 warnings. (took 1s.250ms)

