16:17:06 **** Incremental Build of configuration Debug for project SDK_Keyboard ****
make all 
arm-none-eabi-gcc "../Src/main.c" -mcpu=cortex-m4 -std=gnu11 -g3 '-D__weak=__attribute__((weak))' '-D__packed=__attribute__((__packed__))' -DUSE_HAL_DRIVER -DSTM32F407xx -c -I../Inc -I../Drivers/STM32F4xx_HAL_Driver/Inc -I../Drivers/STM32F4xx_HAL_Driver/Inc/Legacy -I../Drivers/CMSIS/Device/ST/STM32F4xx/Include -I../Drivers/CMSIS/Include -Og -ffunction-sections -Wall -fstack-usage -fcyclomatic-complexity -MMD -MP -MF"Src/main.d" -MT"Src/main.o" --specs=nano.specs -mfpu=fpv4-sp-d16 -mfloat-abi=hard -mthumb -o "Src/main.o"
arm-none-eabi-gcc -o "SDK_Keyboard.elf" @"objects.list"   -mcpu=cortex-m4 -T"../STM32F407VGTx_FLASH.ld" --specs=nosys.specs -Wl,-Map="SDK_Keyboard.map" -Wl,--gc-sections -static --specs=nano.specs -mfpu=fpv4-sp-d16 -mfloat-abi=hard -mthumb -Wl,--start-group -lc -lm -Wl,--end-group
D:/progs/stmEmbedded/STM32CubeIDE_1.12.0/STM32CubeIDE/plugins/com.st.stm32cube.ide.mcu.externaltools.gnu-tools-for-stm32.12.3.rel1.win32_1.0.200.202406191623/tools/bin/../lib/gcc/arm-none-eabi/12.3.1/../../../../arm-none-eabi/bin/ld.exe: warning: SDK_Keyboard.elf has a LOAD segment with RWX permissions
Finished building target: SDK_Keyboard.elf
 
arm-none-eabi-size  SDK_Keyboard.elf 
   text	   data	    bss	    dec	    hex	filename
  20432	     44	   2748	  23224	   5ab8	SDK_Keyboard.elf
Finished building: default.size.stdout
 
arm-none-eabi-objdump -h -S SDK_Keyboard.elf  > "SDK_Keyboard.list"
Finished building: SDK_Keyboard.list
 
arm-none-eabi-objcopy  -O ihex SDK_Keyboard.elf  "SDK_Keyboard.hex"
Finished building: SDK_Keyboard.hex
 

16:17:07 Build Finished. 0 errors, 1 warnings. (took 1s.123ms)

